zk phase1 r coefficient sampling cpu 2^12
                        time:   [6.2103 µs 6.2140 µs 6.2194 µs]

zk phase1 r evaluation cpu 2^12
                        time:   [56.738 µs 56.778 µs 56.805 µs]

zk phase1 r sampling and evaluation cpu 2^12
                        time:   [62.706 µs 62.751 µs 62.822 µs]
                        change: [+0.1714% +0.2881% +0.4269%] (p = 0.00 < 0.05)
                        Change within noise threshold.
Found 1 outliers among 10 measurements (10.00%)
  1 (10.00%) high mild

zk phase1 r coefficient sampling cpu 2^16
                        time:   [98.214 µs 98.273 µs 98.335 µs]

zk phase1 r evaluation cpu 2^16
                        time:   [1.0761 ms 1.0765 ms 1.0771 ms]
Found 1 outliers among 10 measurements (10.00%)
  1 (10.00%) high mild

zk phase1 r sampling and evaluation cpu 2^16
                        time:   [1.1736 ms 1.1745 ms 1.1756 ms]
                        change: [+0.0110% +0.1404% +0.3115%] (p = 0.10 > 0.05)
                        No change in performance detected.
Found 1 outliers among 10 measurements (10.00%)
  1 (10.00%) high mild

zk phase1 r coefficient sampling cpu 2^20
                        time:   [1.5633 ms 1.5644 ms 1.5658 ms]
Found 1 outliers among 10 measurements (10.00%)
  1 (10.00%) high mild

zk phase1 r evaluation cpu 2^20
                        time:   [20.063 ms 20.082 ms 20.101 ms]

zk phase1 r sampling and evaluation cpu 2^20
                        time:   [21.616 ms 21.651 ms 21.732 ms]
                        change: [-0.8819% -0.3142% +0.2248%] (p = 0.31 > 0.05)
                        No change in performance detected.
Found 1 outliers among 10 measurements (10.00%)
  1 (10.00%) high mild

zk phase1 r commitment cpu 2^12
                        time:   [1.1060 ms 1.1101 ms 1.1143 ms]
                        change: [-1.5216% -0.7180% +0.1340%] (p = 0.12 > 0.05)
                        No change in performance detected.

zk phase1 r commitment cpu 2^16
                        time:   [7.3837 ms 7.4413 ms 7.4786 ms]
                        change: [-1.2180% -0.5313% +0.1566%] (p = 0.17 > 0.05)
                        No change in performance detected.

zk phase1 r commitment cpu 2^20
                        time:   [98.463 ms 98.585 ms 98.696 ms]
                        change: [-0.5145% -0.2624% +0.0122%] (p = 0.08 > 0.05)
                        No change in performance detected.

zk phase1 h_batch addition cpu 2^12
                        time:   [1.9985 µs 2.0479 µs 2.0771 µs]
                        change: [-8.4222% -5.5119% -2.5394%] (p = 0.00 < 0.05)
                        Performance has improved.

zk phase1 h_batch addition cpu 2^16
                        time:   [27.693 µs 27.803 µs 27.904 µs]
                        change: [-1.3131% -0.6391% +0.0850%] (p = 0.11 > 0.05)
                        No change in performance detected.

zk phase1 h_batch addition cpu 2^20
                        time:   [521.67 µs 522.54 µs 523.07 µs]
                        change: [-0.1819% +0.4524% +0.8714%] (p = 0.14 > 0.05)
                        No change in performance detected.

zk phase1 r opening construction cpu 2^12
                        time:   [5.2791 µs 5.6711 µs 6.5815 µs]
                        change: [-26.181% -9.7836% +4.9068%] (p = 0.37 > 0.05)
                        No change in performance detected.
Found 3 outliers among 10 measurements (30.00%)
  1 (10.00%) low mild
  1 (10.00%) high mild
  1 (10.00%) high severe

zk phase1 r opening construction cpu 2^16
                        time:   [6.8842 µs 9.1242 µs 13.807 µs]
                        change: [-8.4386% +12.146% +50.353%] (p = 0.68 > 0.05)
                        No change in performance detected.
Found 1 outliers among 10 measurements (10.00%)
  1 (10.00%) high severe

zk phase1 r opening construction cpu 2^20
                        time:   [10.859 µs 11.005 µs 11.214 µs]
                        change: [-10.095% -7.5322% -4.8850%] (p = 0.00 < 0.05)
                        Performance has improved.

zk phase1 r opening verification cpu 2^12
                        time:   [5.3637 µs 5.3688 µs 5.3738 µs]
                        change: [-3.9455% -3.5619% -3.0574%] (p = 0.00 < 0.05)
                        Performance has improved.
Found 2 outliers among 10 measurements (20.00%)
  1 (10.00%) low mild
  1 (10.00%) high severe

zk phase1 r opening verification cpu 2^16
                        time:   [6.6648 µs 6.7104 µs 6.7728 µs]
                        change: [-4.3488% -3.6424% -2.9307%] (p = 0.00 < 0.05)
                        Performance has improved.

zk phase1 r opening verification cpu 2^20
                        time:   [8.8242 µs 9.1990 µs 9.7809 µs]
                        change: [-5.1800% -1.1227% +3.1272%] (p = 0.64 > 0.05)
                        No change in performance detected.
Found 2 outliers among 10 measurements (20.00%)
  1 (10.00%) high mild
  1 (10.00%) high severe

zk phase1 r answer addition 6 queries
                        time:   [17.048 ns 17.089 ns 17.115 ns]
                        change: [-23.307% -20.222% -16.621%] (p = 0.00 < 0.05)
                        Performance has improved.

