zk phase1 r sampling and evaluation cpu 2^16
                        time:   [1.1713 ms 1.1725 ms 1.1743 ms]
                        change: [-0.2895% -0.1546% -0.0305%] (p = 0.04 < 0.05)
                        Change within noise threshold.

zk phase1 r commitment cpu 2^16
                        time:   [7.3511 ms 7.3679 ms 7.3948 ms]
                        change: [-1.5280% -1.1436% -0.6922%] (p = 0.00 < 0.05)
                        Change within noise threshold.

zk phase1 h_batch addition cpu 2^16
                        time:   [27.957 µs 28.060 µs 28.189 µs]
                        change: [-0.7287% -0.1880% +0.3746%] (p = 0.55 > 0.05)
                        No change in performance detected.

zk phase1 r opening construction cpu 2^16
                        time:   [6.8653 µs 6.9546 µs 7.0013 µs]
                        change: [-1.6354% +0.6123% +2.7751%] (p = 0.61 > 0.05)
                        No change in performance detected.

zk phase1 r opening verification cpu 2^16
                        time:   [6.3476 µs 6.3646 µs 6.3863 µs]
                        change: [-0.8500% +0.0164% +0.9547%] (p = 0.97 > 0.05)
                        No change in performance detected.
Found 2 outliers among 10 measurements (20.00%)
  2 (20.00%) high mild

zk phase1 r answer addition 6 queries
                        time:   [17.685 ns 17.741 ns 17.791 ns]
                        change: [-1.4786% -0.8782% -0.1889%] (p = 0.02 < 0.05)
                        Change within noise threshold.
Found 1 outliers among 10 measurements (10.00%)
  1 (10.00%) low severe

