touch: /Users/ehjc/.config/envman/PATH.env: Operation not permitted
touch: /Users/ehjc/.config/envman/ENV.env: Operation not permitted
touch: /Users/ehjc/.config/envman/alias.env: Operation not permitted
touch: /Users/ehjc/.config/envman/function.sh: Operation not permitted
    Finished `bench` profile [optimized] target(s) in 0.10s
     Running benches/zk_phase1.rs (target/release/deps/zk_phase1-1d4fe178e64c87fb)
Gnuplot not found, using plotters backend
Benchmarking zk phase1 r sampling and evaluation cpu 2^16
Benchmarking zk phase1 r sampling and evaluation cpu 2^16: Warming up for 3.0000 s
Benchmarking zk phase1 r sampling and evaluation cpu 2^16: Collecting 10 samples in estimated 5.0455 s (4290 iterations)
Benchmarking zk phase1 r sampling and evaluation cpu 2^16: Analyzing
Benchmarking zk phase1 r commitment cpu 2^16
Benchmarking zk phase1 r commitment cpu 2^16: Warming up for 3.0000 s
Benchmarking zk phase1 r commitment cpu 2^16: Collecting 10 samples in estimated 5.3088 s (715 iterations)
Benchmarking zk phase1 r commitment cpu 2^16: Analyzing
Benchmarking zk phase1 h_batch addition cpu 2^16
Benchmarking zk phase1 h_batch addition cpu 2^16: Warming up for 3.0000 s
Benchmarking zk phase1 h_batch addition cpu 2^16: Collecting 10 samples in estimated 5.0025 s (93k iterations)
Benchmarking zk phase1 h_batch addition cpu 2^16: Analyzing
Benchmarking zk phase1 r opening construction cpu 2^16
Benchmarking zk phase1 r opening construction cpu 2^16: Warming up for 3.0000 s
Benchmarking zk phase1 r opening construction cpu 2^16: Collecting 10 samples in estimated 5.3208 s (715 iterations)
Benchmarking zk phase1 r opening construction cpu 2^16: Analyzing
Benchmarking zk phase1 r opening verification cpu 2^16
Benchmarking zk phase1 r opening verification cpu 2^16: Warming up for 3.0000 s
Benchmarking zk phase1 r opening verification cpu 2^16: Collecting 10 samples in estimated 5.3318 s (715 iterations)
Benchmarking zk phase1 r opening verification cpu 2^16: Analyzing
Benchmarking zk phase1 r answer addition 6 queries
Benchmarking zk phase1 r answer addition 6 queries: Warming up for 3.0000 s
Benchmarking zk phase1 r answer addition 6 queries: Collecting 10 samples in estimated 5.0000 s (160M iterations)
Benchmarking zk phase1 r answer addition 6 queries: Analyzing
