touch: /Users/ehjc/.config/envman/PATH.env: Operation not permitted
touch: /Users/ehjc/.config/envman/ENV.env: Operation not permitted
touch: /Users/ehjc/.config/envman/alias.env: Operation not permitted
touch: /Users/ehjc/.config/envman/function.sh: Operation not permitted
   Compiling stwo v2.2.0 (/Users/ehjc/workspace/github.com/infinite/stwo/crates/stwo)
    Finished `bench` profile [optimized] target(s) in 11.80s
     Running benches/zk_phase1.rs (target/release/deps/zk_phase1-1d4fe178e64c87fb)
Gnuplot not found, using plotters backend
Benchmarking zk phase1 r sampling and evaluation cpu 2^12
Benchmarking zk phase1 r sampling and evaluation cpu 2^12: Warming up for 3.0000 s
Benchmarking zk phase1 r sampling and evaluation cpu 2^12: Collecting 10 samples in estimated 5.0027 s (80k iterations)
Benchmarking zk phase1 r sampling and evaluation cpu 2^12: Analyzing
Benchmarking zk phase1 r sampling and evaluation cpu 2^16
Benchmarking zk phase1 r sampling and evaluation cpu 2^16: Warming up for 3.0000 s
Benchmarking zk phase1 r sampling and evaluation cpu 2^16: Collecting 10 samples in estimated 5.0489 s (4290 iterations)
Benchmarking zk phase1 r sampling and evaluation cpu 2^16: Analyzing
Benchmarking zk phase1 r sampling and evaluation cpu 2^20
Benchmarking zk phase1 r sampling and evaluation cpu 2^20: Warming up for 3.0000 s
Benchmarking zk phase1 r sampling and evaluation cpu 2^20: Collecting 10 samples in estimated 5.9339 s (275 iterations)
Benchmarking zk phase1 r sampling and evaluation cpu 2^20: Analyzing
Benchmarking zk phase1 r commitment cpu 2^12
Benchmarking zk phase1 r commitment cpu 2^12: Warming up for 3.0000 s
Benchmarking zk phase1 r commitment cpu 2^12: Collecting 10 samples in estimated 5.0411 s (4455 iterations)
Benchmarking zk phase1 r commitment cpu 2^12: Analyzing
Benchmarking zk phase1 r commitment cpu 2^16
Benchmarking zk phase1 r commitment cpu 2^16: Warming up for 3.0000 s
Benchmarking zk phase1 r commitment cpu 2^16: Collecting 10 samples in estimated 5.3692 s (715 iterations)
Benchmarking zk phase1 r commitment cpu 2^16: Analyzing
Benchmarking zk phase1 r commitment cpu 2^20
Benchmarking zk phase1 r commitment cpu 2^20: Warming up for 3.0000 s

Warning: Unable to complete 10 samples in 5.0s. You may wish to increase target time to 5.5s or enable flat sampling.
Benchmarking zk phase1 r commitment cpu 2^20: Collecting 10 samples in estimated 5.4938 s (55 iterations)
Benchmarking zk phase1 r commitment cpu 2^20: Analyzing
Benchmarking zk phase1 h_batch addition cpu 2^12
Benchmarking zk phase1 h_batch addition cpu 2^12: Warming up for 3.0000 s
Benchmarking zk phase1 h_batch addition cpu 2^12: Collecting 10 samples in estimated 5.0002 s (1.3M iterations)
Benchmarking zk phase1 h_batch addition cpu 2^12: Analyzing
Benchmarking zk phase1 h_batch addition cpu 2^16
Benchmarking zk phase1 h_batch addition cpu 2^16: Warming up for 3.0000 s
Benchmarking zk phase1 h_batch addition cpu 2^16: Collecting 10 samples in estimated 5.0019 s (92k iterations)
Benchmarking zk phase1 h_batch addition cpu 2^16: Analyzing
Benchmarking zk phase1 h_batch addition cpu 2^20
Benchmarking zk phase1 h_batch addition cpu 2^20: Warming up for 3.0000 s
Benchmarking zk phase1 h_batch addition cpu 2^20: Collecting 10 samples in estimated 5.0309 s (5225 iterations)
Benchmarking zk phase1 h_batch addition cpu 2^20: Analyzing
Benchmarking zk phase1 r opening construction cpu 2^12
Benchmarking zk phase1 r opening construction cpu 2^12: Warming up for 3.0000 s
Benchmarking zk phase1 r opening construction cpu 2^12: Collecting 10 samples in estimated 5.0534 s (4510 iterations)
Benchmarking zk phase1 r opening construction cpu 2^12: Analyzing
Benchmarking zk phase1 r opening construction cpu 2^16
Benchmarking zk phase1 r opening construction cpu 2^16: Warming up for 3.0000 s
Benchmarking zk phase1 r opening construction cpu 2^16: Collecting 10 samples in estimated 5.4007 s (715 iterations)
Benchmarking zk phase1 r opening construction cpu 2^16: Analyzing
Benchmarking zk phase1 r opening construction cpu 2^20
Benchmarking zk phase1 r opening construction cpu 2^20: Warming up for 3.0000 s

Warning: Unable to complete 10 samples in 5.0s. You may wish to increase target time to 5.5s or enable flat sampling.
Benchmarking zk phase1 r opening construction cpu 2^20: Collecting 10 samples in estimated 5.5165 s (55 iterations)
Benchmarking zk phase1 r opening construction cpu 2^20: Analyzing
Benchmarking zk phase1 r opening verification cpu 2^12
Benchmarking zk phase1 r opening verification cpu 2^12: Warming up for 3.0000 s
Benchmarking zk phase1 r opening verification cpu 2^12: Collecting 10 samples in estimated 5.0442 s (4235 iterations)
Benchmarking zk phase1 r opening verification cpu 2^12: Analyzing
Benchmarking zk phase1 r opening verification cpu 2^16
Benchmarking zk phase1 r opening verification cpu 2^16: Warming up for 3.0000 s
Benchmarking zk phase1 r opening verification cpu 2^16: Collecting 10 samples in estimated 5.3902 s (715 iterations)
Benchmarking zk phase1 r opening verification cpu 2^16: Analyzing
Benchmarking zk phase1 r opening verification cpu 2^20
Benchmarking zk phase1 r opening verification cpu 2^20: Warming up for 3.0000 s

Warning: Unable to complete 10 samples in 5.0s. You may wish to increase target time to 5.5s or enable flat sampling.
Benchmarking zk phase1 r opening verification cpu 2^20: Collecting 10 samples in estimated 5.5361 s (55 iterations)
Benchmarking zk phase1 r opening verification cpu 2^20: Analyzing
Benchmarking zk phase1 r answer addition 6 queries
Benchmarking zk phase1 r answer addition 6 queries: Warming up for 3.0000 s
Benchmarking zk phase1 r answer addition 6 queries: Collecting 10 samples in estimated 5.0000 s (140M iterations)
Benchmarking zk phase1 r answer addition 6 queries: Analyzing
